C:\Users\PAVAN\DemoProject\Automating-Secure-Deployment-of-Board-game-Listing-WebApp-on-AWS\BoardGame\src\main\java\com\javaproject\beans\BoardGame.java
C:\Users\PAVAN\DemoProject\Automating-Secure-Deployment-of-Board-game-Listing-WebApp-on-AWS\BoardGame\src\main\java\com\javaproject\controllers\HomeController.java
C:\Users\PAVAN\DemoProject\Automating-Secure-Deployment-of-Board-game-Listing-WebApp-on-AWS\BoardGame\src\main\java\com\javaproject\security\LoggingAccessDeniedHandler.java
C:\Users\PAVAN\DemoProject\Automating-Secure-Deployment-of-Board-game-Listing-WebApp-on-AWS\BoardGame\src\main\java\com\javaproject\database\DatabaseAccess.java
C:\Users\PAVAN\DemoProject\Automating-Secure-Deployment-of-Board-game-Listing-WebApp-on-AWS\BoardGame\src\main\java\com\javaproject\beans\ErrorMessage.java
C:\Users\PAVAN\DemoProject\Automating-Secure-Deployment-of-Board-game-Listing-WebApp-on-AWS\BoardGame\src\main\java\com\javaproject\beans\Review.java
C:\Users\PAVAN\DemoProject\Automating-Secure-Deployment-of-Board-game-Listing-WebApp-on-AWS\BoardGame\src\main\java\com\javaproject\controllers\BoardGameController.java
C:\Users\PAVAN\DemoProject\Automating-Secure-Deployment-of-Board-game-Listing-WebApp-on-AWS\BoardGame\src\main\java\com\javaproject\DatabaseServiceProjectApplication.java
C:\Users\PAVAN\DemoProject\Automating-Secure-Deployment-of-Board-game-Listing-WebApp-on-AWS\BoardGame\src\main\java\com\javaproject\security\SecurityConfig.java
